2
0
0 0
32 35
0 0 x - - - - - - - - - - - - - - - - - - - - - - - - - - - - - x 0 0 
0 0 x 0 0 0 - - - - - - - - - 0 0 - 0 0 - - - - - - - - - 0 0 0 x 0 0 
- - 0 0 0 0 - - - - - - - - - 0 x b x 0 - - - - - - - - - 0 0 0 0 - - 
- - 0 0 0 0 0 0 0 0 - - - - - - b c b - - - - - - 0 0 0 0 0 0 0 0 - - 
- - - - - 0 x x 0 0 - - - - - x x x x x - - - - - 0 0 x x 0 - - - - - 
- - - - - 0 x x 0 0 - - - - - - x x x - - - - - - 0 0 x x 0 - - - - - 
- - - - - 0 0 0 0 0 0 0 0 0 0 - - - - - 0 0 0 0 0 0 0 0 0 0 - - - - - 
- - - - - - - - - 0 0 2 1 0 0 - - - - - 0 0 2 1 0 0 - - - - - - - - - 
- - - - - - - - - 0 0 1 2 0 0 - - - - - 0 0 1 2 0 0 - - - - - - - - - 
- - - - - - - - - 0 0 0 0 0 0 - - - - - 0 0 0 0 0 0 - - - - - - - - - 
- - - - - - - - - 0 0 0 0 0 0 0 2 x 1 0 0 0 0 0 0 0 - - - - - - - - - 
- - - - - - - - - - - - - - 0 0 x x x 0 0 - - - - - - - - - - - - - - 
- - - - - - - - - - - - - - 0 0 1 x 2 0 0 - - - - - - - - - - - - - - 
- - - - - - - - - - - - - - 0 0 0 0 0 0 0 - - - - - - - - - - - - - - 
- - - - - - - - - - - - - - 0 0 0 0 0 0 0 - - - - - - - - - - - - - - 
- - - - - - - - - - - - - - - - - - - - - - - - - - - - - - - - - - - 
- - - - - - - - - - - - - - - - - - - - - - - - - - - - - - - - - - - 
- - - - - - - - - - - - - - 0 0 0 0 0 0 0 - - - - - - - - - - - - - - 
- - - - - - - - - - - - - - 0 0 0 0 0 0 0 - - - - - - - - - - - - - - 
- - - - - - - - - - - - - - 0 0 1 x 2 0 0 - - - - - - - - - - - - - - 
- - - - - - - - - - - - - - 0 0 x x x 0 0 - - - - - - - - - - - - - - 
- - - - - - - - - 0 0 0 0 0 0 0 2 x 1 0 0 0 0 0 0 0 - - - - - - - - - 
- - - - - - - - - 0 0 0 0 0 0 - - - - - 0 0 0 0 0 0 - - - - - - - - - 
- - - - - - - - - 0 0 1 2 0 0 - - - - - 0 0 1 2 0 0 - - - - - - - - - 
- - - - - - - - - 0 0 2 1 0 0 - - - - - 0 0 2 1 0 0 - - - - - - - - - 
- - - - - 0 0 0 0 0 0 0 0 0 0 - - - - - 0 0 0 0 0 0 0 0 0 0 - - - - - 
- - - - - 0 x x 0 0 - - - - - - x x x - - - - - - 0 0 x x 0 - - - - - 
- - - - - 0 x x 0 0 - - - - - x x x x x - - - - - 0 0 x x 0 - - - - - 
- - 0 0 0 0 0 0 0 0 - - - - - - b c b - - - - - - 0 0 0 0 0 0 0 0 - - 
- - 0 0 0 0 - - - - - - - - - 0 x b x 0 - - - - - - - - - 0 0 0 0 - - 
0 0 x 0 0 0 - - - - - - - - - 0 0 - 0 0 - - - - - - - - - 0 0 0 x 0 0 
0 0 x - - - - - - - - - - - - - - - - - - - - - - - - - - - - - x 0 0 
19 1 2 <-> 32 0 6
15 1 6 <-> 2 0 2
19 4 2 <-> 18 3 2
15 4 6 <-> 16 3 6
2 31 2 <-> 15 30 6
19 30 2 <-> 32 31 6
16 28 6 <-> 15 27 6
18 28 2 <-> 19 27 2
18 26 1 <-> 25 10 3
16 26 7 <-> 9 10 5
16 5 5 <-> 9 21 7
18 5 3 <-> 25 21 1
